360-A
360-A_Bresnan
360-A_BresnanNet
67.137.187.125
AR1-BLNMT
AR1-CACCO
AR1-CHYWY
AR1-GDJCO
AR1-GRFMT
AR1-HLNMT
AR1-MSLMT
AR2-BLNMT
AR2-CACCO
AR2-CHYWY
AR2-GDJCO
AR2-GRFMT
AR2-HLNMT
AR2-MSLMT
Arcwave
BLGMTFH3SVNAS-3
BLGMTFHSVNAS-1
BLGMTFHSVNAS-2
BTvod
BilHits1
BilHits10
BilHits11
BilHits2
BilHits3
BilHits4
BilHits5
BilHits6
BilHits7
BilHits8
BilHits9
BilInd02
BilMpS01
BilMpS02
BilMpS03
BilRPD01
BilRPD02
C-COR
CHvod
CO_RAD4
CO_RAD4BA
CP1NP-BLNMT
CP1NP-CACCO
CP1NP-CHYWY
CP1NP-CSPWY
CP1NP-GRFMT
CP1NP-HLNMT
CP1NP-MSLMT
CP1TP-BLNMT
CP1TP-CACCO
CP1TP-CHYWY
CP1TP-GDJCO
CP1TP-GRFMT
CP1TP-HLNMT
CP1TP-MSLMT
CP1TP-cswy
CSG
Cheyenne
ChyHITS1
ChyHITS10
ChyHITS11
ChyHITS12
ChyHITS15
ChyHITS2
ChyHITS3
ChyHITS4
ChyHITS5
ChyHITS6
ChyHITS7
ChyHITS8
ChyHITS9
ChyHits1
ChyHits10
ChyHits11
ChyHits12
ChyHits15
ChyHits2
ChyHits3
ChyHits4
ChyHits5
ChyHits6
ChyHits7
ChyHits8
ChyHits9
ChyIND02
ChyInd02
ChyRPD01
ChyRPD02
ChySEM01
ChySEM02
DBserver0
DBserver1
GJvod
GRANDJUNCTION1
Grand
HEvod
HFC
HelHITS1
HelHITS2
HelHits1
HelHits10
HelHits11
HelHits2
HelHits4
HelHits5
HelHits6
HelHits7
HelHits8
HelInd02
HelRPD01
HelRPD02
HelSEM01
HelSEM02
KALvod
MCI
ME_RAD2
ME_RAD2BA
MIS-A_BresnanNet
MIS-B_BresnanNet
MIS-C_BresnanNet
MISvod
MONTROSEHE
MSL
MTA
MW_RAD3
MW_RAD3BA
MesaCo
MesaCo3550
Missoula
NJCDOWI-fl1sw1
NJCDOWI-fl2sw1
NJCDOWI-fl2sw2
NJCDOWI-fl2sw3
NJCGRB-fl1sw1
NJCGRB-fl2sw1
NJCGRB-fl3sw1
NJCHAYS-fl0sw1
NJCHERB-fl1sw1
NJCHERB-fl1sw2
NJCHERB-fl1sw3
NJCHERB-fl1sw4
NJCPOOL-fl1sw1
NJCPOOL-fl1sw2
NJCPOOL-fl1sw3
NJCPOOL-fl1sw4
NJCPOOL-fl1sw5
NJCPOOL-fl1sw6
NJCWILL-fl1-sw4
NJCWILL-fl1sw1
NJCWILL-fl1sw2
NJCWILL-fl1sw3
NJCWILL-fl1sw5
NSG-BT-1
NSG-FF-11
NSG-GJHE-6
NSG-HLN-10
NSG-KLS-1
NSG-LM-4
OM04_HEL
Qwest-A
Qwest-B
SM-BT-2
SM-BT-3
SM-BT-4
SM-BT-5
SM-BT-6
SM-BT-7
SM-BT-8
SM-BUT-1
SM-FF-1
SM-FF-10
SM-FF-2
SM-FF-3
SM-FF-4
SM-FF-5
SM-FF-6
SM-FF-7
SM-FF-8
SM-FF-9
SM-GJHE-1
SM-GJHE-2
SM-GJHE-3
SM-GJHE-4
SM-GJHE-5
SM-KLS-1
SM-KLS-10
SM-KLS-11
SM-KLS-2
SM-KLS-3
SM-KLS-4
SM-KLS-5
SM-KLS-6
SM-KLS-7
SM-KLS-8
SM-KLS-9
SM-OTN-1
SM-OTN-2
SM-OTN-3
SM-OTN-4
SM-OTN2-1
SM-OTN2-2
SM-OTN2-3
SM-OTN2-4
SM-OTN2-5
SM-OTN3-1
SM-OTN3-2
SM-OTN3-3
SM-OTN4-1
SM-OTN4-2
SM-OTN4-3
SM-OTN5-1
SM-OTN5-2
SM-OTN5-3
SM-OTN5-4
SM-POP-1
SM-POP-2
SM-POP-3
Sprint-A_BresnanNet
Transponder
WY-RAD1
WY_RAD1BA
Webserver0
Webserver1
almco001cm1
almco001nm1
almco001nm2
almco001ps1
almco001sw1
almco002ps1
ancmt001cm1
ancmt001nm1
ancmt001nm2
ancmt001ps5
ancmt001sw1
ancmt002ps5
ar1-cswy
ar2-cswy
bflwy001cm1
bflwy001nm1
bflwy001nm2
bflwy001ps2
bigip1
bilnc1EM
bilsem01
blfwy001sw1
blgmt001as1
blgmt001hb1
blgmt001nm3
blgmt001nma
blgmt001ps3
blgmt001sw6
blgmt001ts5
blgmt001vpn
blgmt002hb1
blgmt002vpn
blgmtdialout
blgmtfh1mc1
blgmtfh1sw9
blgmtfh2mc1
blgmtfh3mc1
blgmtfh4mc1
blgmtfh5mc1
blgmtfh6mc1
blgmtroc1ps3
blnmt001aus
blnmt001cm1
blnmt001svdns
blnmt002acm1
blnmt002cm1
blnmt002svdns
blnmt003cm1
blnmt004cm1
blnmtcf1sw3
blnmtcf2sw3
blnmtdc1nma
blnmtdc1sw9
blnmtdc1swb
blnmtdc2sw9
blnmtfh1svaus
blnmtfh1svcgb
blnmtfh1svcgf
blnmtfh1svimp
blnmtfh1svlog
blnmtfh1svmxd
blnmtfh1svmxm
blnmtfh1svprv
blnmtfh1svpwp
blnmtfh1svrwh
blnmtfh1svsan
blnmtfh1svspd
blnmtfh1svtsv
blnmtfh1svtts
blnmtfh2svcgb
blnmtfh2svcgf
blnmtfh2svmet
blnmtfh2svmxd
blnmtfh2svmxm
blnmtfh2svora
blnmtfh2svprv
blnmtfh2svpwp
blnmtfh2svtsv
blnmtfh2sw9
blnmtfh3svcgb
blnmtfh3svcgf
blnmtfh3svmet
blnmtfh3svmxm
blnmtfh4svmet
blnmtfh4svmxm
blnmtfh5svmxm
blnmtfh6svmxm
bnvco001cm1
bnvco001nm1
bnvco001nm2
bnvco001ps1
bnvco001sw1
bozhits1
bozhits11
bozhits2
bozhits4
bozhits9
bozmps01
bozmps02
bozmps03
bozmps04
bozrpd01
bozsem01
bozsem02
bresmisshqrt
bresnan.bresnanhsi.com
buthits1
buthits11
buthits2
buthits4
buthits5
buthits7
buthits9
butmps01
butmps02
butmps03
butmt001acm1
butmt001bcm1
butmt001hb2
butmt001mc1
butmt001nm1
butmt001nm2
butmt001ps5
butmt001sw7
butmt001vpn
butmt002mc1
butmt002nm2
butmt002ps5
butmt002sw7
butmt003mc1
butrpd01
butrpd02
butsem01
bzmmt001cm1
bzmmt001hb2
bzmmt001nm1
bzmmt001nm2
bzmmt001ps1
bzmmt001ps3
bzmmt001sw3
bzmmt001sw7
bzmmt001vpn
bzmmt002cm1
bzmmt002nm1
bzmmt002nm2
bzmmt002ps2
bzmmt002ps3
bzmmt002sw7
bzmmt003nm2
bzmmtcf1sw3
bzmmtcf1swa
bzmmtcf2sw3
bzmmtcf3sw3
bzmmtcf4sw3
bzmmtcf5sw3
bzmmtcf6sw3
bzmmtcf7sw3
bzmmtcf8sw3
bzmmtcf9sw3
bzmmtcfasw3
bzmmtcfbsw3
bzmmtcfcsw3
bzmmtfh1mc1
bzmmtfh1mc2
bzmmtfh1mc3
bzmmtfh1sw1
bzmmtfh1sw3
bzmmtfh1sw7
bzmmtfh2sw3
bzmmtfh2sw7
bzmmtfh4mc1
bzmmtfh5mc1
bzmmthesw1
bzmmtotnps3
bzmmtrs1sw3
cacco001acm1
cacco001hb6
cacco001nm2
cacco001nma
cacco001ps1
cacco001sw1
cacco001sw7
cacco001vpn
cacco002cm1
cacco002hb6
cacco002ps1
cacco002sw7
cacco003sw7
cacco004sw7
canhits1
canhits10
canhits11
canhits2
canhits4
canhits5
canmps01
canmps02
canmps03
canrpd01
cansem01
cansem02
cashits1
cashits10
cashits12
cashits15
cashits3
cashits4
cashits5
cashits6
cashits7
cashits9
casnba02
casnhl
cassem01
cassem02
cdcut001cm1
cdcut001hb2
cdcut001nm1
cdcut001nm2
cdcut001ps1
cdcut001sw1
chync1WY
chync1wy
chyvod
chywy001aus
chywy001cm1
chywy001fw2
chywy001hb1
chywy001hb2
chywy001hb4
chywy001mc2
chywy001nm2
chywy001nma
chywy001ps1
chywy001ps4
chywy001svaus
chywy001svdns
chywy001svlog
chywy001svntr
chywy001svprv
chywy001svsmx
chywy001sw2
chywy001sw3
chywy001swa
chywy001vpn
chywy002acm1
chywy002nm2
chywy002ps1
chywy002ps4
chywy002svdns
chywy002svprv
chywy002sw1
chywy003cm1
chywy003nm2
chywy003ps5
chywy004cm1
chywy004sw7
chywy005sw7
chywy006sw7
chywy007sw7
chywyAT1sw3
chywyCF1sw3
chywyCF2sw3
chywyCF3sw3
chywyCF4sw3
chywyCF5sw3
chywyFH1swa
chywyNOTNmc4
codwy001cm1
codwy001hb6
codwy001nm1
codwy001nm2
codwy001ps1
codwy001sw1
codwy001sw7
codwy001swa
codwy002ps1
codwycf1sw3
codwycf2sw3
craco001cm1
craco001nm1
craco001nm2
craco001ps1
craco001sw1
craco002ps1
cspwy001bcm1
cspwy001cm1
cspwy001hb1
cspwy001hb6
cspwy001mc1
cspwy001nm2
cspwy001nma
cspwy001ps1
cspwy001sw7
cspwy001vpn
cspwy002ps1
cspwy002sw7
cspwy003ps1
cspwy003sw7
cspwy004sw7
ctbmt001cm1
ctbmt001nm1
ctbmt001nm2
ctbmt001ps5
ctbmt001sw1
dac6000
dlgmt001cm1
dlgmt001nm1
dlgmt001nm2
dlgmt001ps5
dlgmt001sw1
dlgmt002ps5
dllmt001cm1
dllmt001nm1
dllmt001nm2
dllmt001ps5
dllmt001sw1
dllmt002ps5
dltut001hb4
dltut001sw9
dns0
dns1
dns2
dtahits1
dtamps01
dtamps02
dtamps03
dtarpd01
durco001acm1
durco001nm2
durco001ps1
durco001sw1
durco001swa
durco001vpn
durco001vs3
durco001vs4
durco002nm2
durco002ps1
durco002swa
durco002vs3
durco002vs4
durco003vs4
durco004vs3
durco005vs3
durco007vs3
durco008vs3
durco010vs3
durco011vs3
durhits1
durhits10
durhits11
durhits2
durhits4
durhits5
durhits7
durhits8
durmps01
durmps02
durmps03
durrpd01
dursem01
dursem02
durvod1
durvod2
durvod3
ftmco001cm1
ftmco001nm1
ftmco001nm2
ftmco001ps7
ftmco001sw1
ftmco002ps7
gdjco001aus
gdjco001cm1
gdjco001fw2
gdjco001hb1
gdjco001hb2
gdjco001nm2
gdjco001nma
gdjco001ps3
gdjco001svaus
gdjco001svdns
gdjco001svprv
gdjco001sw7
gdjco001sw8
gdjco001swa
gdjco001vpn
gdjco002cm1
gdjco002nm2
gdjco002ps3
gdjco002svdns
gdjco002svprv
gdjco002sw7
gdjco002sw8
gdjco002swa
gdjco003cm1
gdjco003nm2
gdjco003ps3
gdjco004cm1
gdjco004ps3
gdjco005sw8
gdjco006sw8
gdjhits1
gdjhits10
gdjhits11
gdjhits2
gdjhits4
gdjhits5
gdjmps01
gdjmps02
gdjmps03
gdjmps04
gdjrpd01
gdjsem001
gdjsem002
gdjsem003
gilhits2
gilhits4
gilhits5
gilhits6
gilhits7
gilhits8
gilhits9
gilhts11
gilhts13
gilind02
gilmps01
gilmps02
gilrpd01
gilsem01
gilsem02
gltwy001acm1
gltwy001hb2
gltwy001mc1
gltwy001nm1
gltwy001nm2
gltwy001ps5
gltwy001sw1
gltwy001sw3
gltwy001sw7
gltwy001vpn
gltwy002cm1
gltwy002nm2
gltwy002ps5
gltwy002sw7
gltwycf1sw1
grfhits1
grfhits11
grfhits2
grfhits4
grfhits5
grfhits6
grfhits7
grfhits8
grfind02
grfmps01
grfmps02
grfmt001acm1
grfmt001bcm1
grfmt001hb1
grfmt001hb2
grfmt001hb6
grfmt001nm2
grfmt001nma
grfmt001ps5
grfmt001ps8
grfmt001sw1
grfmt001sw7
grfmt001vpn
grfmt002acm1
grfmt002nm2
grfmt002sw7
grfmt003cm1
grfmt003sw7
grfmt004sw7
grfmtcf2swa
grfrpd01
grfsem01
grfsem02
grjhits1
grjhits10
grjhits11
grjhits2
grjhits4
grjhits5
grjmps01
grjmps02
grjmps03
grjmps04
grjmps05
grjnc1CO
grjrpd01
grjrpd02
grjsem001
grjsem002
grjsem003
grywy001cm1
grywy001nm1
grywy001nm2
gtfmt001nma
havmt001cm1
havmt001hb6
havmt001nm1
havmt001nm2
havmt001ps1
havmt001sw1
havmt001sw7
havmt002ps1
helhits4
helhits5
helhits7
helhits8
helhts10
helhts11
helhts13
helhts15
helind02
helmps01
helnc1EM
hlnmt001acm1
hlnmt001bcm1
hlnmt001hb1
hlnmt001hb2
hlnmt001mc1
hlnmt001nm2
hlnmt001nma
hlnmt001ps1
hlnmt001sw7
hlnmt001vpn
hlnmt002mc1
hlnmt002nm2
hlnmt002ps1
hlnmt002sw7
hlnmt003mc1
hlnmt003sw7
hlnmt004sw7
hlnmtcf1sw3
hlnmtcf1swa
hlnmtcf2swa
hlnmtfh1swa
hmtmt001cm1
hmtmt001nm1
hmtmt001nm2
hmtmt001ps1
hmtmt001sw1
host-69-145-253-248
jacLFG
jachits1
jachits11
jachits15
jachits2
jachits5
jachits7
jacmps01
jacmps02
jacmps03
jacmps04
jacmps05
jacrpd01
jacsem01
jacsem02
jcswy001cm1
jcswy001hb7
jcswy001nm1
jcswy001nm2
jcswy001ps1
jcswy001sw1
jcswy001sw3
jcswy001sw7
jcswy001vpn
jcswy002ps1
jcswycf1sw3
jcswycf2sw3
kalhits1
kalhits10
kalhits11
kalhits2
kalhits4
kalhits5
kalhits7
kalhits8
kalind02
kalmps01
kalmps02
kalnc1EM
kalrpd01
kalrpd02
kalsem01
kalsem02
klsmt001cm1
klsmt001hb2
klsmt001mc4
klsmt001nm1
klsmt001nm2
klsmt001ps1
klsmt001sw7
klsmt001swc
klsmt001vpn
klsmt002cm1
klsmt002ps1
klsmt002sw7
klsmtcf1sw3
klsmtcf1swa
klsmtcf2swa
larmps01
larmps02
larmps03
larmps04
larmps05
larmps06
larmps07
larsem01
larsem02
larsrpd01
larwy001cm1
larwy001mc2
larwy001nm1
larwy001nm2
larwy001ps1
larwy001sw1
larwy001sw7
larwy001vpn
larwy002cm1
larwy002nm2
larwy002sw7
ldvco001cm1
ldvco001nm1
ldvco001nm2
ldvco001ps1
ldvco001sw1
ldvco002ps1
ljnco001cm1
ljnco001nm1
ljnco001nm2
ljnco001ps1
ljnco001ps5
ljnco001sw1
ljnco002nm2
ljnco002ps1
ljnco002ps5
lndwy001cm1
lndwy001nm1
lndwy001nm2
lndwy001ps1
lndwy001sw1
lndwy001swa
lndwycf1swa
lvtmt001cm1
lvtmt001hb2
lvtmt001nm1
lvtmt001nm2
lvtmt001ps1
lvtmt001sw1
lvtmt002ps1
lvtmtcf1sw3
mishits1
mishits10
mishits11
mishits15
mishits2
mishits3
mishits4
mishits5
mishits7
mishits8
mishits9
misind02
mismps01
misrpd01
misrpd02
missem01
missem02
missem03
mlsmt001aus
monhits1
monhits10
monhits11
monhits2
monhits3
monhits4
monhits5
monhits9
monhts15
monmps01
monmps02
monrpd01
monsem1
monsem2
mslmt001acm1
mslmt001bcm1
mslmt001fw1
mslmt001hb1
mslmt001hb2
mslmt001hb6
mslmt001mv
mslmt001nm1
mslmt001nm2
mslmt001nma
mslmt001ps1
mslmt001svdns
mslmt001svprv
mslmt001sw1
mslmt001sw3
mslmt001sw7
mslmt001sw8
mslmt001vpn
mslmt002acm1
mslmt002bcm1
mslmt002fw1
mslmt002nm2
mslmt002ps1
mslmt002svdns
mslmt002svprv
mslmt002sw7
mslmtcf1sw3
mslmtfh001nm2
mslmtfh002nm2
mslmtfh003nm2
mslmtfh1mv
mslmtfh1nma
mslmtfh1svaus
mslmtfh1svspd
mslmtfh1sw1
mslmtfh1sw7
mslmtfh2sw7
mslmtpv3550
mslmtsp3550
mssmt001ps4
mssmt001sw3
mtrco001acm1
mtrco001hb2
mtrco001nm1
mtrco001nm2
mtrco001ps7
mtrco001sw1
mtrco001sw7
mtrco001swa
mtrco001vpn
mtrco001vs2
mtrco001vs3
mtrco001vs4
mtrco001vs5
mtrco002cm1
mtrco002nm2
mtrco002ps7
mtrco002sw7
mtrco002vs3
mtrco002vs4
mtrco003vs3
mtrco004vs3
mtrco005vs3
mtrco006vs3
mtrco009vs3
mtrco010vs3
mtrco011vs3
om01_chy
om02_lar
om03_bil
om04_hel
om05_kal
om06_dur
om07_mon
om08_grj
om09_del
om10_grf
om11_mis
om12_but
om13_boz
om14_cas
om15_can
om16_dta
om17_gil
om18_jac
phils-duff
plsmt001cm1
plsmt001hb2
plsmt001nm1
plsmt001nm2
plsmt001ps1
plsmt001sw1
plsmt001sw3
powwy001cm1
powwy001mc1
powwy001nm2
powwy001nma
powwy001ps1
powwy001sw1
powwy001sw7
powwy001vpn
powwy002ps1
powwy002sw7
rocmt001fw1
rocmt002fw1
rvtwy001cm1
rvtwy001hb7
rvtwy001nm1
rvtwy001nm2
rvtwy001ps1
rvtwy001sw1
rvtwy001sw7
rvtwy002ps1
rwlwy001cm1
rwlwy001hb6
rwlwy001nm1
rwlwy001nm2
rwlwy001sw1
rwlwy001sw7
salco001cm1
salco001nm1
salco001nm2
salco001ps1
salco001sw1
salco002ps1
sdm
sem-mis-he1
sem-mis-he2
sem-mis-he3
sem-mis-he4
sem-mis-he5
sem-mis-he6
sem-mis-he7
shrwy001acm1
shrwy001hb2
shrwy001nm2
shrwy001nma
shrwy001ps5
shrwy001sw1
shrwy001sw3
shrwy001sw7
shrwy001vpn
shrwy002cm1
shrwy002hb2
shrwy002ps5
shrwy002sw7
sle0
sm-grf-1
sm-grf-10
sm-grf-11
sm-grf-12
sm-grf-13
sm-grf-14
sm-grf-15
sm-grf-2
sm-grf-3
sm-grf-4
sm-grf-5
sm-grf-6
sm-grf-7
sm-grf-8
sm-grf-9
sm-hln-1
sm-hln-2
sm-hln-3
sm-hln-4
sm-hln-5
sm-hln-6
sm-hln-7
sm-hln-8
sm-hln-9
sm-lm-1
sm-lm-2
sm-lm-3
sm-mon-1
sm-mon-2
sm-mon-3
sm-mon-4
sm-msl-1
sm-msl-2
sm-msl-3
sm-msl-5
sm-msl-6
sm-msl-7
sm-otn1-1
sm-otn1-2
sm_bil_1
sm_bil_10
sm_bil_11
sm_bil_12
sm_bil_13
sm_bil_14
sm_bil_15
sm_bil_16
sm_bil_17
sm_bil_18
sm_bil_19
sm_bil_2
sm_bil_20
sm_bil_21
sm_bil_22
sm_bil_23
sm_bil_24
sm_bil_3
sm_bil_4
sm_bil_5
sm_bil_6
sm_bil_7
sm_bil_8
sm_bil_9
stmary3550
stnco001cm1
stnco001fw3
stnco001hb2
stnco001hb7
stnco001nm2
stnco001nma
stnco001ps1
stnco001sw1
stnco001sw7
stnco002ps1
sun
syslog0
tacacs0
tacacs1
thrwy001cm1
thrwy001nm2
thrwy001ps1
thrwy002ps1
vrnut001cm1
vrnut001hb2
vrnut001nm1
vrnut001nm2
vrnut001sw1
vrnut001swa
wlbco001cm1
wlbco001nm1
wlbco001nm2
wlbco001ps1
wlbco001sw4
wrlwy001cm1
wrlwy001nm1
wrlwy001nm2
wrlwy001ps1
wrlwy001sw1
wrlwy002ps1
www.bresnan.com
www.bresnan.net
www.bresnanhsi.com
