blgmt001hb1
blgmt001nma
BLG
BLG
BLG
shrwy002hb2
shrwy001acm1
bflwy001nm1
bflwy001cm1
grfmt001hb1
lvtmt001nm1
thrwy001cm1
grywy001nm1
grywy001cm1
codwy001cm1
wrlwy001nm1
wrlwy001cm1
havmt001nm1
havmt001cm1
blnmtfh2svtsv
bigip1
blnmtfh1svprv
blnmtfh2svprv
blnmtfh2svmet
blnmtfh3svmet
blnmtfh4svmet
blnmtfh2svora
dns0
dns1
blnmt001svdns
blnmtfh1svpwp
blnmtfh2svpwp
blgmt001as1
www.bresnanhsi.com
blnmtfh1svmxm
blnmtfh2svmxm
blnmtfh3svmxm
blnmtfh5svmxm
blnmtfh6svmxm
blnmtfh1svmxd
blnmtfh2svmxd
chywy001svntr
sle0
blnmt001cm1
blnmt003cm1
blgmt002hb1
rocmt002fw1
ctbmt001cm1
BilHits1
BilHits2
BilHits4
BilHits5
BilHits6
BilHits7
BilHits8
BilHits9
BilHits10
BilHits11
BilInd02
gtfmt001nma
bflwy001nm2
blfwy001sw1
grfmt001nm2
grfmt001sw1
phils-duff
havmt001nm2
blnmtfh1svlog
rocmt001fw1
lvtmt001sw1
lvtmt001cm1
lvtmt001nm2
lvtmt001ps1
lvtmt002ps1
BzmMt
bzmmt001hb2
bzmmt001nm1
grfmt001hb2
blnmtcf2sw3
bzmmt001ps3
bzmmt002ps3
bzmmt001ps3
bzmmthesw1
bzmmt001ps1
bzmmt002ps2
blnmtfh1svsan
shrwy001nma
shrwy001sw1
shrwy001nm2
blgmt001ts5
bzmmt002nm1
codwy001nm1
bzmmt002nm2
codwy001nm2
grfmt002nm2
ctbmt001nm1
grfmt001ps5
grfmt001ps8
blnmtdc1nma
blnmtdc1swb
blnmtfh1svcgf
blnmtfh2svcgf
blnmtfh1svcgb
blnmtfh2svcgb
blnmtfh3svcgf
blnmt004cm1
blnmt002cm1
bzmmtrs1sw3
bzmmtotnps3
bzmmt002nm2
blnmtdc1sw9
blnmtdc2sw9
blnmtfh2sw9
blnmtdc1swb
blgmtfh1sw9
blnmtdc1swb
wrlwy001nm2
thrwy001nm2
grywy001nm2
lvtmtcf1sw3
lvtmt001hb2
blnmtfh1svtsv
172.18.131.130
172.18.131.129
blnmtcf1sw3
ctbmt001nm2
codwy001ps1
codwy002ps1
blgmt001nm3
172.18.131.24
bzmmt002cm1
bzmmt001cm1
bzmmtfh1sw7
bzmmtfh2sw7
bzmmt001sw7
bzmmt002sw7
172.18.131.14
172.18.131.17
172.18.131.25
172.18.131.19
blgmtfh3mc1
blgmtfh1mc1
blgmtfh2mc1
bzmmtfh1mc2
bzmmtfh1mc1
bzmmtfh1mc3
bflwy001ps2
shrwy001ps5
shrwy002ps5
shrwy001sw3
shrwy001hb2
powwy001nm2
powwy001nma
powwy001ps1
powwy002ps1
powwy001cm1
powwy001sw7
powwy002sw7
bzmmt003nm2
bzmmt001nm2
blgmtfh4mc1
powwy001sw1
powwy001mc1
ctbmt001sw1
wrlwy001sw1
codwy001sw1
grfmt001acm1
grfmt001bcm1
grfmt002acm1
grfmt001sw7
grfmt002sw7
grfmt003sw7
grfmt004sw7
blgmt001vpn
shrwy001sw7
shrwy002sw7
shrwy002cm1
BLG
CP1TP-GRFMT
AR1-GRFMT
AR2-GRFMT
host-69-145-253-248
blgmtfh5mc1
bzmmtfh4mc1
blnmtfh4svmxm
grfmt001hb6
CP1TP-BLNMT
blgmt001hb1
blgmt001hb1
AR2-BLNMT
AR1-BLNMT
CP1NP-BLNMT
CP1NP-GRFMT
172.20.96.29
grfmtcf2swa
chywy001svlog
blnmtfh3svcgb
wrlwy001ps1
wrlwy002ps1
blnmt002svdns
blnmtfh1svaus
blnmtfh1svimp
blgmt001sw6
blnmtfh1svtts
blnmtfh1svrwh
ctbmt001ps5
havmt001ps1
havmt002ps1
blnmtfh1svspd
thrwy001ps1
thrwy002ps1
codwy001sw7
codwy001hb6
codwy001swa
codwycf1sw3
codwycf2sw3
blgmtfh6mc1
bzmmtfh5mc1
360-A
grfmt003cm1
blgmtdialout
havmt001hb6
havmt001sw7
havmt001sw1
cspwy001nma
lndwy001cm1
rvtwy001nm1
rvtwy001cm1
gltwy001nm1
gltwy001hb2
rwlwy001cm1
rvtwy001nm2
lndwy001nm2
lndwy001sw1
rvtwy001sw1
lndwy001ps1
gltwy002nm2
gltwy001nm2
gltwy001sw3
MIS-A_BresnanNet
MIS-A_BresnanNet
MIS-A_BresnanNet
ljnco001nm1
cspwy001hb1
ljnco001nm2
ljnco001ps1
ljnco002ps1
ljnco001cm1
gltwy001sw1
rwlwy001nm1
rvtwy002ps1
rvtwy001ps1
gltwy001ps5
gltwy002ps5
cspwy001bcm1
cspwy001cm1
cspwy001ps1
cspwy002ps1
cspwy003ps1
Arcwave
ljnco002nm2
cspwy001nm2
cspwy002sw7
cspwy003sw7
cspwy004sw7
cspwy001sw7
ar1-cswy
ljnco001sw1
gltwy001acm1
gltwy002cm1
gltwy001sw7
gltwy002sw7
cspwy001hb6
cspwy001mc1
gltwy001mc1
MIS-B_BresnanNet
ar2-cswy
CP1TP-cswy
CP1NP-CSPWY
blgmt001hb1
rvtwy001hb7
rvtwy001sw7
lndwy001swa
lndwycf1swa
rwlwy001nm2
rwlwy001sw1
rwlwy001hb6
rwlwy001sw7
gltwycf1sw1
lndwy001nm1
MIS-B_BresnanNet
ljnco001ps5
ljnco002ps5
chywy001nma
cacco001acm1
ftmco001cm1
cdcut001nm1
cdcut001hb2
cdcut001cm1
chywy001svsmx
chywy002svprv
chywy001svprv
chywy001hb1
cacco001nma
chywy001hb4
chywy001svlog
ChyHits1
ChyHits2
ChyHits3
ChyHits4
ChyHits6
ChyHits7
ChyHits8
ChyHits9
ChyHits10
ChyHits11
ChyHits15
ChyInd02
ChyHits12
ChyHits5
chywy001fw2
MIS-A_BresnanNet
chyvod
om01_chy
chync1wy
almco001cm1
ldvco001cm1
ldvco001nm2
salco001cm1
ldvco001sw1
salco001nm2
salco001sw1
MIS-A_BresnanNet
bnvco001nm2
bnvco001sw1
bnvco001cm1
bnvco001nm1
bnvco001ps1
cacco001sw1
cacco001nm2
chywy002nm2
chywy003nm2
chywy001ps1
chywy002ps1
almco001sw1
almco001nm1
almco001nm2
almco001ps1
almco002ps1
cacco001ps1
cacco002ps1
ftmco001nm1
ftmco001sw1
ldvco002ps1
ldvco001ps1
chywy001ps4
chywy002ps4
larwy001nm1
chywy001hb2
ftmco001nm2
chywy007sw7
chywy006sw7
chywy004sw7
chywy005sw7
chywy001cm1
chywy002acm1
chywy003cm1
chywy004cm1
chywyAT1sw3
chywyCF3sw3
chywyCF2sw3
chywyCF4sw3
chywyCF1sw3
AR1-CHYWY
AR2-CHYWY
chywy001svdns
chywy002svdns
larwy001ps1
MIS-C_BresnanNet
larwy001nm2
salco001ps1
cdcut001nm2
Sprint-A_BresnanNet
cacco004sw7
cacco001sw7
cacco002sw7
cacco003sw7
cacco001hb6
cacco002hb6
cacco002cm1
Arcwave
AR1-CACCO
AR2-CACCO
CP1NP-CACCO
larwy001sw1
larwy002cm1
larwy001cm1
larwy001sw7
larwy002sw7
chywy003ps5
cdcut001ps1
CP1TP-CHYWY
CP1NP-CHYWY
CP1TP-CACCO
chywyNOTNmc4
cdcut001sw1
chywy001svaus
chywy001svntr
chywy001swa
chywy002sw1
chywy001sw3
chywy001sw2
chywyCF5sw3
ldvco001nm1
salco001nm1
ftmco001ps7
ftmco002ps7
chywy001mc2
larwy001mc2
salco002ps1
larwy002nm2
chywy001nm2
chywyFH1swa
Billings
Missoula
Grand
Cheyenne
blnmtfh1svaus
chywy001svaus
mslmtfh1svaus
gdjco001svaus
blnmtfh1svaus
mslmtfh1svaus
gdjco001svaus
chywy001svaus
blnmtfh1svaus
chywy001svaus
mslmtfh1svaus
gdjco001svaus
HFC
MTA
MTA
MTA
MTA
Transponder
Transponder
Transponder
Transponder
blnmt001aus
mlsmt001aus
gdjco001aus
chywy001aus
HFC
HFC
HFC
mtrco001hb2
mtrco001nm1
craco001cm1
MCI
gdjco001hb1
MesaCo3550
stmary3550
gdjco002svprv
gdjco001svprv
gdjco001cm1
gdjco002cm1
gdjco003cm1
gdjco004cm1
gdjco001nma
gdjco001hb2
gdjco001swa
gdjco002swa
gdjco001fw2
gdjco001fw2
gdjco001ps3
gdjco002ps3
gdjco003ps3
gdjco004ps3
gdjco002sw8
gdjco001sw8
durco001acm1
gdjco001nm2
gdjco002nm2
gdjco003nm2
craco001sw1
mtrco001ps7
mtrco002ps7
gdjco001svdns
gdjco002svdns
durco001vs3
durco002vs3
durco004vs3
durco005vs3
durco007vs3
durco008vs3
durco010vs3
durco011vs3
durco001vs4
durco002vs4
durco003vs4
mtrco001vs3
mtrco002vs3
mtrco003vs3
mtrco004vs3
mtrco005vs3
mtrco006vs3
mtrco009vs3
mtrco010vs3
mtrco011vs3
mtrco001vs4
mtrco002vs4
mtrco001vs5
mtrco001vs2
durco001ps1
durco002ps1
durco001sw1
durco001nm2
durco002nm2
vrnut001hb2
vrnut001cm1
vrnut001nm1
CP1TP-GDJCO
AR2-GDJCO
AR1-GDJCO
craco001nm1
Qwest-A
vrnut001sw1
vrnut001swa
craco001nm2
mtrco001nm2
vrnut001nm2
gdjco001sw7
mtrco001acm1
mtrco002cm1
gdjco002sw7
mtrco002sw7
mtrco001sw7
durco001swa
durco002swa
mtrco002nm2
CP1TP-GDJCO
Qwest-A
GRANDJUNCTION1
craco001ps1
craco002ps1
gdjco001svaus
mtrco001sw1
mtrco001swa
Qwest-B
stnco001hb2
stnco001cm1
stnco001nma
stnco001fw3
NJCDOWI-fl2sw2
NJCDOWI-fl2sw1
NJCDOWI-fl1sw1
NJCHERB-fl1sw4
NJCHERB-fl1sw3
NJCHERB-fl1sw1
NJCPOOL-fl1sw6
NJCPOOL-fl1sw5
NJCPOOL-fl1sw4
NJCPOOL-fl1sw3
NJCPOOL-fl1sw2
NJCGRB-fl3sw1
NJCGRB-fl2sw1
NJCGRB-fl1sw1
NJCWILL-fl1sw5
NJCWILL-fl1-sw4
NJCWILL-fl1sw3
NJCWILL-fl1sw2
NJCWILL-fl1sw1
NJCHAYS-fl0sw1
NJCPOOL-fl1sw1
NJCHERB-fl1sw2
stnco001nm2
NJCDOWI-fl2sw3
stnco002ps1
stnco001ps1
stnco001hb7
stnco001sw7
stnco001sw1
gdjco001hb2
cacco001vpn
gdjco005sw8
gdjco006sw8
wlbco001cm1
wlbco001ps1
wlbco001nm1
wlbco001sw4
wlbco001nm2
MesaCo
MesaCo
MesaCo
jcswy001sw3
jcswycf1sw3
dlgmt001cm1
dlgmt001nm1
jcswy001nm1
hlnmt001hb1
hlnmt001nma
hlnmtcf1sw3
HelHits1
HelHits2
HelHits4
HelHits5
HelHits6
HelHits7
HelHits8
HelHits10
HelHits11
HelInd02
MIS-A_BresnanNet
MIS-A_BresnanNet
dlgmt001nm2
hlnmt001nm2
hlnmt002nm2
dlgmt001sw1
hlnmt001ps1
hlnmt002ps1
172.16.79.6
172.18.155.15
172.18.155.56
172.18.155.57
172.18.155.61
OM04_HEL
MIS-B_BresnanNet
172.18.155.62
hlnmt001bcm1
hlnmt001acm1
hlnmt001hb2
hlnmt002sw7
hlnmt001sw7
hlnmt004sw7
hlnmt003sw7
butmt001nm1
butmt001hb2
dllmt001nm1
dllmt001cm1
ancmt001nm1
ancmt001sw1
dllmt001sw1
ancmt001cm1
butmt001nm2
butmt001ps5
butmt002ps5
butmt002nm2
butmt001sw7
butmt002sw7
butmt001acm1
butmt001bcm1
AR2-HLNMT
AR1-HLNMT
hlnmt002mc1
butmt002mc1
dllmt001nm2
ancmt001nm2
MIS-B_BresnanNet
jcswy001nm2
hlnmt001mc1
butmt001mc1
hlnmtcf2swa
hlnmtcf1swa
ancmt001ps5
ancmt002ps5
dllmt002ps5
dllmt001ps5
butmt003mc1
hlnmt003mc1
jcswycf2sw3
CP1TP-GRFMT
CP1NP-GRFMT
AR1-GRFMT
AR2-GRFMT
CP1NP-HLNMT
CP1TP-HLNMT
jcswy001sw1
jcswy001hb7
jcswy001sw7
jcswy001cm1
jcswy001ps1
jcswy002ps1
dlgmt001ps5
dlgmt002ps5
hlnmtfh1swa
360-A_BresnanNet
mssmt001sw3
mslmt001nma
mslmt001hb1
MSL
MSL
mslmtpv3550
mslmt001nm1
mslmt001hb2
hmtmt001nm1
klsmt001hb2
mslmt002svprv
mslmt001svprv
mslmtsp3550
sm-msl-1
sm-msl-2
sm-msl-3
sm-msl-5
sm-msl-6
sm-msl-7
sun
klsmt001cm1
klsmt001nm1
plsmt001nm1
plsmt001cm1
plsmt001hb2
plsmt001sw3
hmtmt001nm2
hmtmt001sw1
klsmt001nm2
plsmt001nm2
hmtmt001cm1
mslmt001nm2
mslmt002nm2
klsmt001ps1
klsmt002ps1
plsmt001ps1
mssmt001ps4
mslmtcf1sw3
mslmt001sw3
MSL
mslmt001sw8
mslmt002ps1
mslmt001ps1
mslmt001acm1
mslmt002acm1
AR1-MSLMT
AR2-MSLMT
mslmtfh2sw7
mslmtfh1sw7
mslmt001sw7
mslmt002sw7
mslmt001bcm1
mslmt002bcm1
mslmtfh1sw1
mslmt001mv
mslmtfh1mv
mslmt001fw1
mslmt001hb6
360-A_Bresnan
CP1TP-MSLMT
CP1NP-MSLMT
klsmtcf1sw3
mslmtfh1svaus
klsmt001swc
klsmt001mc4
klsmtcf1swa
klsmtcf2swa
mslmtfh002nm2
mslmtfh001nm2
mslmtfh003nm2
mslmt001svdns
mslmt002svdns
hmtmt001ps1
mslmtfh1svspd
BilHits1
BilHits2
BilHits4
BilHits5
BilHits3
BilHits7
BilHits8
BilHits9
BilHits10
BilHits11
BilRPD01
BilMpS02
BilMpS03
BilMpS01
bilsem01
BilInd02
BilRPD02
om11_mis
om08_grj
om04_hel
om02_lar
om01_chy
om03_bil
om05_kal
om07_mon
om13_boz
om12_but
om15_can
om14_cas
om09_del
om06_dur
om10_grf
om16_dta
om17_gil
CO_RAD4BA
CO_RAD4
MW_RAD3BA
MW_RAD3
ME_RAD2BA
ME_RAD2
WY_RAD1BA
WY-RAD1
dac6000
sdm
kalhits11
kalhits10
kalhits8
kalhits7
kalhits5
kalhits4
kalhits2
kalhits1
kalmps02
kalmps01
kalind02
kalrpd02
kalrpd01
kalsem01
kalsem02
grfrpd01
grfhits1
grfhits2
grfhits4
grfhits5
grfhits6
grfhits7
grfhits8
grfhits11
grfind02
grfsem01
grfmps01
grfmps02
grfsem02
bozsem01
bozmps01
bozmps02
bozmps03
bozmps04
bozrpd01
bozhits11
bozhits9
bozhits4
bozhits2
bozhits1
bozsem02
butsem01
butmps01
butmps02
butmps03
butrpd01
butrpd02
buthits11
buthits9
buthits7
buthits5
buthits4
buthits2
buthits1
missem01
missem02
misrpd01
misrpd02
mishits15
mishits11
mishits10
mishits9
mishits8
mishits3
mishits7
mishits5
mishits4
mismps01
mishits2
mishits1
misind02
missem03
bresmisshqrt
helhits8
helhts11
helhts10
helhits7
helhts13
helhits5
helhits4
HelHITS2
HelHITS1
HelSEM01
helind02
helmps01
HelSEM02
helhts15
HelRPD02
HelRPD01
durhits1
durhits2
durhits4
durhits5
durhits7
durhits8
durhits10
durhits11
durmps01
durmps02
durmps03
dursem01
dursem02
durrpd01
gilhits2
gilhits4
gilhits5
gilhits6
gilhits7
gilhits8
gilhits9
gilhts11
gilhts13
gilind02
gilmps01
gilmps02
gilsem01
gilsem02
gilrpd01
monsem1
monsem2
monmps01
monmps02
monrpd01
monhits11
monhits10
monhits9
monhits5
monhits4
monhits3
monhits2
monhits1
monhts15
dtarpd01
dtahits1
dtamps01
dtamps02
dtamps03
cansem01
canmps01
canmps02
canmps03
canrpd01
canhits11
canhits10
canhits5
canhits4
canhits2
canhits1
cansem02
grjhits1
grjhits2
grjhits4
grjhits5
grjhits10
grjhits11
grjmps01
grjmps02
grjmps03
grjmps04
grjsem001
grjsem002
grjsem003
grjmps05
grjrpd02
grjrpd01
cassem01
cassem02
casnba02
casnhl
cashits15
cashits12
cashits10
cashits9
cashits7
cashits6
cashits5
cashits4
cashits3
cashits1
larmps03
larmps04
larmps01
larmps02
larsrpd01
larsem01
larsem02
larmps05
larmps06
larmps07
ChyHITS2
ChyHITS15
ChyHITS12
ChyHITS8
ChyHITS11
ChyHITS9
ChyHITS10
ChyHITS7
ChyHITS6
ChyHITS5
ChyHITS4
ChyHITS3
ChyHITS1
ChyRPD02
ChyRPD01
ChySEM01
ChySEM02
ChyIND02
dltut001hb4
dltut001sw9
67.137.187.125
jacLFG
jachits1
jachits2
jachits5
jachits7
jachits11
jachits15
jacmps01
jacmps02
jacmps03
jacmps04
jacmps05
jacsem01
jacsem02
jacrpd01
om18_jac
gdjsem001
gdjsem002
gdjsem003
gdjhits1
gdjhits2
gdjhits4
gdjhits5
gdjhits10
gdjhits11
gdjmps01
gdjmps02
gdjmps03
gdjmps04
gdjrpd01
chywy001svsmx
www.bresnan.com
blnmtfh1svtsv
tacacs0
blnmtfh1svcgf
blnmtfh2svcgf
blnmtfh1svcgf
blnmtfh2svcgf
blnmtfh1svcgf
blnmtfh2svcgf
blnmtfh1svcgf
blnmtfh2svcgf
blnmtfh1svcgf
blnmtfh2svcgf
blnmtfh1svcgf
blnmtfh2svcgf
blnmtfh1svcgf
blnmtfh2svcgf
blnmtfh1svcgf
blnmtfh2svcgf
blnmtfh1svcgf
blnmtfh2svcgf
blnmtfh1svcgf
blnmtfh2svcgf
blnmtfh1svcgf
blnmtfh2svcgf
blnmtfh1svcgf
blnmtfh2svcgf
blnmtfh1svtsv
blnmtfh2svmet
blnmtfh3svmet
blnmtfh4svmet
blnmtfh1svmxm
blnmtfh1svmxm
blnmtfh2svmxm
blnmtfh3svmxm
blnmtfh5svmxm
blnmtfh6svmxm
mslmtfh1svspd
blnmtfh1svspd
blnmtfh1svspd
blnmtfh2svmxd
blnmtfh2svmxd
blnmtfh2svpwp
blnmtfh1svlog
chywy001svlog
chywy001svntr
chywy001svntr
chywy001svntr
blnmtfh1svprv
gdjco002svprv
mslmt002svprv
blnmt001cm1
blnmt002acm1
bresnan.bresnanhsi.com
www.bresnan.net
blnmtfh1svpwp
mslmt001svprv
chywy001svprv
mslmt002svprv
chywy002svprv
gdjco001svprv
gdjco002svprv
blnmtfh2svprv
blnmtfh1svimp
blnmtfh1svprv
dns1
blnmtfh1svtsv
chywy002svprv
blgmt001ps3
blgmtroc1ps3
blnmtfh3svmet
blnmtfh1svimp
blnmtfh3svcgf
blnmtfh3svcgf
blnmtfh3svcgf
blnmtfh3svcgf
blnmtfh3svcgf
blnmtfh3svcgf
blnmtfh3svcgf
blnmtfh3svcgf
blnmtfh3svcgf
blnmtfh3svcgf
blnmtfh3svcgf
blnmtfh3svcgf
dns2
blnmtfh1svpwp
blnmtfh1svimp
dns0
blnmtfh1svcgf
blnmtfh2svcgf
blnmtfh3svcgf
blnmtfh1svtts
blnmtfh1svcgb
tacacs1
blnmtfh3svcgb
blnmtfh2svcgb
blnmtfh1svcgb
blnmtfh1svcgf
blnmtfh2svcgf
blnmtfh3svcgf
blnmtfh1svcgf
blnmtfh2svcgf
blnmtfh3svcgf
blnmtfh1svcgb
blnmtfh2svcgb
blnmtfh3svcgb
blnmtfh1svcgf
blnmtfh2svcgf
blnmtfh3svcgf
blnmtfh1svcgb
blnmtfh2svcgb
blnmtfh3svcgb
blnmtfh1svcgf
blnmtfh2svcgf
blnmtfh3svcgf
blnmtfh1svcgb
blnmtfh2svcgb
blnmtfh3svcgb
blnmtfh1svcgf
blnmtfh2svcgf
blnmtfh3svcgf
blnmtfh1svcgb
blnmtfh2svcgb
blnmtfh3svcgb
blnmtfh1svcgf
blnmtfh2svcgf
blnmtfh3svcgf
blnmtfh1svcgb
blnmtfh2svcgb
blnmtfh3svcgb
blnmtfh1svtsv
gdjco001svdns
gdjco002svdns
mslmt002svdns
mslmt001svdns
chywy001svdns
chywy002svdns
blnmt001svdns
blnmt002svdns
blnmtfh4svmxm
blnmtfh1svcgb
blnmtfh2svcgb
blnmtfh3svcgf
blnmtfh2svcgf
blnmtfh3svcgb
blnmtfh1svcgf
C-COR
C-COR
C-COR
CSG
Webserver0
Webserver1
DBserver0
DBserver1
172.18.144.72
172.18.144.73
syslog0
mslmtfh1svspd
blnmtfh1svsan
blnmt002svdns
blnmtfh1svcgb
blnmtfh2svcgb
blnmtfh3svcgb
blnmtfh1svcgf
blnmtfh2svcgf
blnmtfh3svcgf
blnmtfh1svmxm
blnmtfh2svmxm
blnmtfh3svmxm
blnmtfh4svmxm
blnmtfh5svmxm
blnmtfh6svmxm
blnmtfh1svmxd
blnmtfh2svmxd
chywy001svntr
blnmtfh1svpwp
blnmtfh2svpwp
blnmtfh1svrwh
blnmtfh1svtsv
blnmtfh2svtsv
blnmtfh1svlog
BLGMTFHSVNAS-2
APC
BLGMTFHSVNAS-1
chywy001svlog
chywy001svsmx
blnmt002svdns
blnmt001svdns
dns0
dns1
dns2
gdjco001svdns
gdjco002svdns
chywy001svdns
chywy002svdns
chywy001svlog
mslmtfh1svspd
blnmtfh1svtts
blnmtfh1svmxm
blnmtfh2svmxm
blnmtfh3svmxm
blnmtfh4svmxm
blnmtfh5svmxm
blnmtfh6svmxm
mslmt001svdns
mslmt002svdns
blnmtfh1svspd
172.18.145.21
BLGMTFH3SVNAS-3
blgmt001vpn
blgmt002vpn
powwy001vpn
bzmmt001vpn
grfmt001vpn
cspwy001vpn
gltwy001vpn
chywy001vpn
larwy001vpn
cacco001vpn
hlnmt001vpn
butmt001vpn
gdjco001vpn
jcswy001vpn
mslmt001vpn
mtrco001vpn
durco001vpn
klsmt001vpn
shrwy001vpn
blnmtdc1nma
grfmt001nma
hlnmt001nma
mslmt001nm1
chywy001nma
cspwy001nma
cacco001nma
gdjco001nma
MISvod
CHvod
HEvod
BTvod
KALvod
GJvod
SM-OTN-2
SM-OTN-1
SM-OTN-4
SM-POP-1
SM-FF-4
SM-FF-2
SM-FF-3
SM-OTN-3
NSG-FF-11
SM-FF-7
SM-FF-5
SM-FF-1
SM-FF-6
SM-FF-8
SM-FF-9
SM-FF-10
SM-POP-2
SM-POP-3
NSG-HLN-10
helnc1EM
kalnc1EM
bilnc1EM
chync1WY
NSG-LM-4
SM-KLS-11
SM-KLS-10
SM-KLS-9
SM-KLS-8
SM-KLS-7
SM-KLS-6
SM-KLS-5
SM-KLS-4
SM-KLS-3
SM-KLS-2
SM-KLS-1
NSG-BT-1
SM-BT-8
SM-BT-7
SM-BT-6
SM-BT-5
SM-BT-4
SM-BT-3
SM-BT-2
NSG-KLS-1
sm-mon-1
sm-mon-2
sm-mon-3
sm-mon-4
sm-lm-1
sm-lm-2
sm-lm-3
sm-hln-1
sm-hln-2
sm-hln-3
sm-hln-4
sm-hln-5
sm-hln-6
sm-hln-7
sm-hln-8
sm-hln-9
sm-otn1-1
sm-otn1-2
grjnc1CO
sm_bil_1
sm_bil_10
sm_bil_11
sm_bil_12
sm_bil_13
sm_bil_14
sm_bil_15
sm_bil_16
sm_bil_17
sm_bil_18
sm_bil_19
sm_bil_2
sm_bil_20
sm_bil_21
sm_bil_22
sm_bil_23
sm_bil_24
sm_bil_3
sm_bil_4
sm_bil_5
sm_bil_6
sm_bil_7
sm_bil_8
sm_bil_9
SM-BUT-1
durvod1
durvod2
durvod3
sm-grf-9
sm-grf-10
sm-grf-11
sm-grf-12
sm-grf-13
sm-grf-14
sm-grf-15
sm-grf-1
sm-grf-2
sm-grf-3
sm-grf-4
sm-grf-5
sm-grf-6
sm-grf-7
sm-grf-8
sem-mis-he6
sem-mis-he4
sem-mis-he3
sem-mis-he2
sem-mis-he1
sem-mis-he5
sem-mis-he7
NSG-GJHE-6
SM-OTN5-4
SM-OTN5-3
SM-OTN5-2
SM-OTN5-1
SM-OTN4-3
SM-OTN4-2
SM-OTN4-1
SM-OTN3-3
SM-OTN3-2
SM-OTN3-1
SM-OTN2-5
SM-OTN2-4
SM-OTN2-3
SM-OTN2-2
SM-OTN2-1
SM-GJHE-5
SM-GJHE-4
SM-GJHE-3
SM-GJHE-2
SM-GJHE-1
10.254.112.252
MONTROSEHE
blgmt001ts5
10.254.114.1
GRANDJUNCTION1
blnmtfh2svora
blnmtfh2svmet
blnmtfh3svmet
blnmtfh4svmet
blnmtfh1svprv
blnmtfh2svprv
gdjco002svprv
gdjco001svprv
chywy002svprv
mslmt002svprv
chywy001svprv
mslmt001svprv
bzmmt001hb2
bzmmtcf1sw3
bzmmtcf2sw3
bzmmtcf3sw3
bzmmtcf8sw3
bzmmtfh1sw3
bzmmt002nm1
bzmmtcf4sw3
bzmmtcf6sw3
bzmmtcf7sw3
bzmmt001sw3
bzmmt001nm1
bzmmtfh1sw1
bzmmtcf9sw3
bzmmthesw1
bzmmtcfasw3
bzmmtfh2sw7
bzmmt001sw7
bzmmtfh1sw7
bzmmtfh2sw3
bzmmtrs1sw3
bzmmtcf5sw3
bzmmtcfcsw3
bzmmtcfbsw3
bzmmtcf1swa
klsmt002cm1
klsmt001sw7
klsmt002sw7
plsmt001sw1
chywyFH1swa
mslmt002fw1
mslmtfh1nma
mslmt001sw1
chywy006sw7
1470
