SQL> select accountnumber, cmts from cust where node='undef';
1111222233339        larwy001cm1                                                
2222222222222        chywy001cm1                                                
5555555              gdjco001cm1                                                
7777777              blnmt001cm1                                                
8213210000000001     blnmt001cm1                                                
8213240050052883     ctbmt001cm1                                                
8313100010004045     gdjco001cm1                                                
8313100010021205     gdjco001cm1                                                
8313100010027012     gdjco001cm1                                                
8313100010041211     gdjco001cm1                                                
8313100010127747     gdjco001cm1                                                
8313100010142720     gdjco001cm1                                                
8313100010179946     gdjco001cm1                                                
8313100010188889     gdjco001cm1                                                
8313100010226978     gdjco001cm1                                                
8313100010227174     gdjco001cm1                                                
8313100010249558     gdjco001cm1                                                
8313100010270521     gdjco001cm1                                                
8313100010366683     gdjco001cm1                                                
8313100010371436     gdjco001cm1                                                
8313100010377003     gdjco001cm1                                                
8313100010380510     gdjco001cm1                                                
8313100010386053     gdjco001cm1                                                
8313100010398702     gdjco001cm1                                                
8313100010407354     gdjco001cm1                                                
8313100010409905     gdjco001cm1                                                
8313100010413295     gdjco001cm1                                                
8313100010423807     gdjco001cm1                                                
8313100010432485     gdjco001cm1                                                
8313100020021799     gdjco001cm1                                                
8313100020023076     gdjco001cm1                                                
8313100020029057     gdjco001cm1                                                
8313100020139526     gdjco001cm1                                                
8313100030012911     gdjco001cm1                                                
8313100030101664     gdjco001cm1                                                
8313100040016761     gdjco001cm1                                                
8313100040071121     gdjco001cm1                                                
8313100040128087     gdjco001cm1                                                
8313100040143011     gdjco001cm1                                                
8313100040239967     gdjco001cm1                                                
8313100040370713     gdjco001cm1                                                
8313100040374178     gdjco001cm1                                                
8313100040391842     gdjco001cm1                                                
8313100050009367     durco001cm1                                                
8313100050160012     durco001cm1                                                
8313100050162497     durco001cm1                                                
8313100050166753     durco001cm1                                                
8313100050167199     durco001cm1                                                
8313100050169955     durco001cm1                                                
8313100050180283     durco001cm1                                                
8313100060004309     durco001cm1                                                
8313100060110205     durco001cm1                                                
8313100060112086     durco001cm1                                                
8313100120019230     mtrco001cm1                                                
8313100120173680     mtrco001cm1                                                
8313100220061538     cdcut001cm1                                                
8313100220179850     cdcut001cm1                                                
8313100220181930     cdcut001cm1                                                
8313100220185618     cdcut001cm1                                                
8313100310140663     ljnco001cm1                                                
8313100310142883     ljnco001cm1                                                
8313100310142909     ljnco001cm1                                                
8313100310145290     ljnco001cm1                                                
8313100310149177     ljnco001cm1                                                
8313100330004972     ljnco001cm1                                                
8313100330008858     ljnco001cm1                                                
8313100330110696     ljnco001cm1                                                
8313100370014998     ljnco001cm1                                                
8313100370133731     ljnco001cm1                                                
8313100370134630     ljnco001cm1                                                
8313100380090665     ljnco001cm1                                                
8313100410090347     ljnco001cm1                                                
8313100430012776     wlbco001cm1                                                
8313100480007809     cacco001cm1                                                
8313100480019143     cacco001cm1                                                
8313100480021966     cacco001cm1                                                
8313100480039018     cacco001cm1                                                
8313100480044679     cacco001cm1                                                
8313100480044950     cacco001cm1                                                
8313100480059164     cacco001cm1                                                
8313100480160079     cacco001cm1                                                
8313100480160392     cacco001cm1                                                
8313100480164436     cacco001cm1                                                
8313100480177941     cacco001cm1                                                
8313100490008557     cacco001cm1                                                
8313100490020107     cacco001cm1                                                
8313100490024208     cacco001cm1                                                
8313100490024208     cacco001cm1                                                
8313100490031096     cacco001cm1                                                
8313100490032151     cacco001cm1                                                
8313100490034017     cacco001cm1                                                
8313100490040022     cacco001cm1                                                
8313100490138073     cacco001cm1                                                
8313100500017291     cacco001cm1                                                
8313100540005702     cacco001cm1                                                
8313100540101733     cacco001cm1                                                
8313100540101956     cacco001cm1                                                
8313100570002892     almco001cm1                                                
8313100570005093     almco001cm1                                                
8313100570007768     almco001cm1                                                
8313100570010770     almco001cm1                                                
8313100570013543     almco001cm1                                                
8313100570013857     almco001cm1                                                
8313100570015324     almco001cm1                                                
8313100570015555     almco001cm1                                                
8313100570017577     almco001cm1                                                
8313100570018013     almco001cm1                                                
8313100570022536     almco001cm1                                                
8313100570026628     almco001cm1                                                
8313100570027733     almco001cm1                                                
8313100570036361     almco001cm1                                                
8313100570130321     almco001cm1                                                
8313100570131147     almco001cm1                                                
8313100570131881     almco001cm1                                                
8313100570132087     almco001cm1                                                
8313100580090499     almco001cm1                                                
8313100590008994     almco001cm1                                                
8313100590110857     almco001cm1                                                
8313100590110964     almco001cm1                                                
8313100710001317     salco001cm1                                                
8313100710002828     salco001cm1                                                
8313100710011993     salco001cm1                                                
8313100710012728     salco001cm1                                                
8313100710013361     salco001cm1                                                
8313100710018790     salco001cm1                                                
8313100710020713     salco001cm1                                                
8313100710022099     salco001cm1                                                
8313100710022404     salco001cm1                                                
8313100710022461     salco001cm1                                                
8313100710025134     salco001cm1                                                
8313100710026421     salco001cm1                                                
8313100710120539     salco001cm1                                                
8313100710121388     salco001cm1                                                
8313100710122618     salco001cm1                                                
8313100710122782     salco001cm1                                                
8313100710123160     salco001cm1                                                
8313100710123582     salco001cm1                                                
8313100710123764     salco001cm1                                                
8313100710123889     salco001cm1                                                
8313100710123988     salco001cm1                                                
8313100720090037     salco001cm1                                                
8313100720090276     salco001cm1                                                
8313100720090474     salco001cm1                                                
8313100720090961     salco001cm1                                                
8313100730090217     salco001cm1                                                
8313100730090241     salco001cm1                                                
8313100730090258     salco001cm1                                                
8313100730090548     salco001cm1                                                
8313100740001428     ldvco001cm1                                                
8313100740001485     ldvco001cm1                                                
8313100740001584     ldvco001cm1                                                
8313100740005726     ldvco001cm1                                                
8313100740006278     ldvco001cm1                                                
8313100740007060     ldvco001cm1                                                
8313100740009264     ldvco001cm1                                                
8313100740017275     ldvco001cm1                                                
8313100740018141     ldvco001cm1                                                
8313100740110476     ldvco001cm1                                                
8313100740111201     ldvco001cm1                                                
8313100740111490     ldvco001cm1                                                
8313100740111672     ldvco001cm1                                                
8313100740111821     ldvco001cm1                                                
8313100740112563     ldvco001cm1                                                
8313100740113066     ldvco001cm1                                                
8313100750006473     ldvco001cm1                                                
8313100750007141     ldvco001cm1                                                
8313100750008230     ldvco001cm1                                                
8313100750008263     ldvco001cm1                                                
8313100750009584     ldvco001cm1                                                
8313100750015730     ldvco001cm1                                                
8313100750016969     ldvco001cm1                                                
8313100750110168     ldvco001cm1                                                
8313100750111307     ldvco001cm1                                                
8313100760101488     bnvco001cm1                                                
8313100770001348     bnvco001cm1                                                
8313100770004300     bnvco001cm1                                                
8313100770090549     bnvco001cm1                                                
8313100770090606     bnvco001cm1                                                
8313100770090648     bnvco001cm1                                                
8313100770090960     bnvco001cm1                                                
8313100810026651     craco001cm1                                                
8313100810041940     craco001cm1                                                
8313100810138837     craco001cm1                                                
8313100830091057     craco001cm1                                                
8313100830091685     craco001cm1                                                
8313100910123622     vrnut001cm1                                                
8313100930015030     vrnut001cm1                                                
8313200010021492     blnmt001cm1                                                
8313200010031855     blnmt001cm1                                                
8313200010050186     blnmt001cm1                                                
8313200010113596     blnmt001cm1                                                
8313200010116953     blnmt001cm1                                                
8313200010126515     blnmt001cm1                                                
8313200010158302     blnmt001cm1                                                
8313200010252022     blnmt001cm1                                                
8313200010253897     blnmt001cm1                                                
8313200010258375     shrwy001cm1                                                
8313200010258375     shrwy001cm1                                                
8313200010293323     blnmt001cm1                                                
8313200010309897     blnmt001cm1                                                
8313200010343565     blnmt001cm1                                                
8313200010344274     blnmt001cm1                                                
8313200010351287     blnmt001cm1                                                
8313200010441641     blnmt001cm1                                                
8313200010457613     blnmt001cm1                                                
8313200010591130A    blnmt001cm1                                                
8313200010592823     blnmt001cm1                                                
8313200010599125     blnmt001cm1                                                
8313200010622109     blnmt001cm1                                                
8313200010622976     blnmt001cm1                                                
8313200010623479     blnmt001cm1                                                
8313200010624717     blnmt001cm1                                                
8313200010625532     blnmt001cm1                                                
8313200010627116     blnmt001cm1                                                
8313200010628411     blnmt001cm1                                                
8313200010628494     blnmt001cm1                                                
8313200010629997     blnmt001cm1                                                
8313200010631886     blnmt001cm1                                                
8313200010631944     blnmt001cm1                                                
8313200010631993     blnmt001cm1                                                
8313200010632595     blnmt001cm1                                                
8313200010633403     blnmt001cm1                                                
8313200010634047     blnmt001cm1                                                
8313200010634427     blnmt001cm1                                                
8313200010634906     blnmt001cm1                                                
8313200010636117     blnmt001cm1                                                
8313200010636380     blnmt001cm1                                                
8313200010636448     blnmt001cm1                                                
8313200010636455     blnmt001cm1                                                
8313200010637479     blnmt001cm1                                                
8313200010637941     blnmt001cm1                                                
8313200010638022     blnmt001cm1                                                
8313200010638436     blnmt001cm1                                                
8313200010638444     blnmt001cm1                                                
8313200010641505     blnmt001cm1                                                
8313200010641539     blnmt001cm1                                                
8313200010641844     blnmt001cm1                                                
8313200010643667     blnmt001cm1                                                
8313200010643675     blnmt001cm1                                                
8313200010645092     blnmt001cm1                                                
8313200010645233     blnmt001cm1                                                
8313200010645258     blnmt001cm1                                                
8313200010645456     blnmt001cm1                                                
8313200010645712     blnmt001cm1                                                
8313200010646025     blnmt001cm1                                                
8313200010646033     blnmt001cm1                                                
8313200010646041     blnmt001cm1                                                
8313200010646058     blnmt001cm1                                                
8313200010646900     blnmt001cm1                                                
8313200010646918     blnmt001cm1                                                
8313200010646942     blnmt001cm1                                                
8313200010647767     blnmt001cm1                                                
8313200010649284     blnmt001cm1                                                
8313200010649300     blnmt001cm1                                                
8313200010652056     blnmt001cm1                                                
8313200010652346     blnmt001cm1                                                
8313200010653203     blnmt001cm1                                                
8313200010653476     blnmt001cm1                                                
8313200010653781     blnmt001cm1                                                
8313200010653799     blnmt001cm1                                                
8313200010653849     blnmt001cm1                                                
8313200010655505     blnmt001cm1                                                
8313200010656636     blnmt001cm1                                                
8313200010656966     blnmt001cm1                                                
8313200010657725     blnmt001cm1                                                
8313200010659853     blnmt001cm1                                                
8313200010660927     blnmt001cm1                                                
8313200010664077     blnmt001cm1                                                
8313200010665504     blnmt001cm1                                                
8313200010666114     blnmt001cm1                                                
8313200010666551     blnmt001cm1                                                
8313200010669308     blnmt001cm1                                                
8313200010672310     blnmt001cm1                                                
8313200010674076     blnmt001cm1                                                
8313200010674415     blnmt001cm1                                                
8313200010674910     blnmt001cm1                                                
8313200010676576     blnmt001cm1                                                
8313200010678150     blnmt001cm1                                                
8313200010679406     blnmt001cm1                                                
8313200010680511     blnmt001cm1                                                
8313200010682103     blnmt001cm1                                                
8313200010682160     blnmt001cm1                                                
8313200010687110     blnmt001cm1                                                
8313200010687870     blnmt001cm1                                                
8313200010689512     blnmt001cm1                                                
8313200010690023     blnmt001cm1                                                
8313200010690981     blnmt001cm1                                                
8313200010695022     blnmt001cm1                                                
8313200010695501     blnmt001cm1                                                
8313200020027851     blnmt001cm1                                                
8313200020052784     blnmt001cm1                                                
8313200020156544     blnmt001cm1                                                
8313200020156916     blnmt001cm1                                                
8313200020157971     blnmt001cm1                                                
8313200020163235     blnmt001cm1                                                
8313200020163383     blnmt001cm1                                                
8313200110008175     bzmmt001cm1                                                
8313200110028587     bzmmt001cm1                                                
8313200110047868     bzmmt001cm1                                                
8313200110060648     bzmmt001cm1                                                
8313200110103117     bzmmt001cm1                                                
8313200110266732     bzmmt001cm1                                                
8313200110269546     bzmmt001cm1                                                
8313200110269553     bzmmt001cm1                                                
8313200110279339     bzmmt001cm1                                                
8313200110279883     bzmmt001cm1                                                
8313200110280394     bzmmt001cm1                                                
8313200110280790     bzmmt001cm1                                                
8313200110283224     bzmmt001cm1                                                
8313200110283638     bzmmt001cm1                                                
8313200110284883     bzmmt001cm1                                                
8313200110286847     bzmmt001cm1                                                
8313200110292878     bzmmt001cm1                                                
8313200110295574     bzmmt001cm1                                                
8313200110296044     bzmmt001cm1                                                
8313200110296606     bzmmt001cm1                                                
8313200110297489     bzmmt001cm1                                                
8313200110302164     bzmmt001cm1                                                
8313200110303824     bzmmt001cm1                                                
8313200120004586     bzmmt001cm1                                                
8313200120137055     bzmmt001cm1                                                
8313200120138319     bzmmt001cm1                                                
8313200120138608     bzmmt001cm1                                                
8313200120141131     bzmmt001cm1                                                
8313200130000954     bzmmt001cm1                                                
8313200130011472     bzmmt001cm1                                                
8313200130022560     bzmmt001cm1                                                
8313200150124361     lvtmt001cm1                                                
8313200150126937     lvtmt001cm1                                                
8313200160008398     lvtmt001cm1                                                
8313200160090511     lvtmt001cm1                                                
8313200160090594     lvtmt001cm1                                                
8313200170067525     butmt001cm1                                                
8313200170146113     butmt001cm1                                                
8313200170262506     butmt001cm1                                                
8313200170262720     butmt001cm1                                                
8313200170263819     butmt001cm1                                                
8313200170264007     butmt001cm1                                                
8313200170264429     butmt001cm1                                                
8313200170264908     butmt001cm1                                                
8313200170265798     butmt001cm1                                                
8313200170267075     butmt001cm1                                                
8313200170268149     butmt001cm1                                                
8313200170268453     butmt001cm1                                                
8313200170269238     butmt001cm1                                                
8313200170269246     butmt001cm1                                                
8313200170271028     butmt001cm1                                                
8313200170271945     butmt001cm1                                                
8313200170272174     butmt001cm1                                                
8313200170273198     butmt001cm1                                                
8313200170273446     butmt001cm1                                                
8313200170274519     butmt001cm1                                                
8313200170275342     butmt001cm1                                                
8313200170275987     butmt001cm1                                                
8313200170276456     butmt001cm1                                                
8313200170278361     butmt001cm1                                                
8313200170279609     butmt001cm1                                                
8313200190112665     dllmt001cm1                                                
8313200190112798     dllmt001cm1                                                
8313200190114455     dllmt001cm1                                                
8313200190114745     dllmt001cm1                                                
8313200200090455     dllmt001cm1                                                
8313200200090455     dllmt001cm1                                                
8313200220123278     ancmt001cm1                                                
8313200230111412     dlgmt001cm1                                                
8313200230111560     dlgmt001cm1                                                
8313200230111651     dlgmt001cm1                                                
8313200230111974     dlgmt001cm1                                                
8313200230112212     dlgmt001cm1                                                
8313200310023552     hlnmt001cm1                                                
8313200310066940     hlnmt001cm1                                                
8313200310145470     hlnmt001cm1                                                
8313200310230132     hlnmt001cm1                                                
8313200310230645     hlnmt001cm1                                                
8313200310236105     hlnmt001cm1                                                
8313200310242848     hlnmt001cm1                                                
8313200310243077     hlnmt001cm1                                                
8313200310244927     hlnmt001cm1                                                
8313200310245270     hlnmt001cm1                                                
8313200310245841     hlnmt001cm1                                                
8313200310245858     hlnmt001cm1                                                
8313200310247847     hlnmt001cm1                                                
8313200310248811     hlnmt001cm1                                                
8313200310251088     hlnmt001cm1                                                
8313200310251419     hlnmt001cm1                                                
8313200310253068     hlnmt001cm1                                                
8313200310253209     hlnmt001cm1                                                
8313200310253472     hlnmt001cm1                                                
8313200310253787     hlnmt001cm1                                                
8313200310253829     hlnmt001cm1                                                
8313200310255956     hlnmt001cm1                                                
8313200310257291     hlnmt001cm1                                                
8313200310261079     hlnmt001cm1                                                
8313200310262259     hlnmt001cm1                                                
8313200310263372     hlnmt001cm1                                                
8313200310265658     hlnmt001cm1                                                
8313200320007082     hlnmt001cm1                                                
8313200320044200     hlnmt001cm1                                                
8313200320048128     hlnmt001cm1                                                
8313200320050686     hlnmt001cm1                                                
8313200320071229     hlnmt001cm1                                                
8313200320169312     hlnmt001cm1                                                
8313200320169320     hlnmt001cm1                                                
8313200320169338     hlnmt001cm1                                                
8313200320170831     hlnmt001cm1                                                
8313200320171078     hlnmt001cm1                                                
8313200320176630     hlnmt001cm1                                                
8313200330007635     hlnmt001cm1                                                
8313200330091100     hlnmt001cm1                                                
8313200340101758     hlnmt001cm1                                                
8313200410038583     mslmt001cm1                                                
8313200410047220     mslmt001cm1                                                
8313200410048517     mslmt001cm1                                                
8313200410077813     mslmt001cm1                                                
8313200410081906     mslmt001cm1                                                
8313200410105945     mslmt001cm1                                                
8313200410143680     mslmt001cm1                                                
8313200410179346     mslmt001cm1                                                
8313200410233788     mslmt001cm1                                                
8313200410255062     mslmt001cm1                                                
8313200410267547     mslmt001cm1                                                
8313200410364518     mslmt001cm1                                                
8313200410368709     mslmt001cm1                                                
8313200410370390     mslmt001cm1                                                
8313200410372750     mslmt001cm1                                                
8313200410373816     mslmt001cm1                                                
8313200410375472     mslmt001cm1                                                
8313200410378021     mslmt001cm1                                                
8313200410379458     mslmt001cm1                                                
8313200410381132     mslmt001cm1                                                
8313200410381223     mslmt001cm1                                                
8313200410382262     mslmt001cm1                                                
8313200410383641     mslmt001cm1                                                
8313200410383898     mslmt001cm1                                                
8313200410385364     mslmt001cm1                                                
8313200410385521     mslmt001cm1                                                
8313200410385745     mslmt001cm1                                                
8313200410385877     mslmt001cm1                                                
8313200410386404     mslmt001cm1                                                
8313200410386974     mslmt001cm1                                                
8313200410387469     mslmt001cm1                                                
8313200410387485     mslmt001cm1                                                
8313200410388129     mslmt001cm1                                                
8313200410388558     mslmt001cm1                                                
8313200410389242     mslmt001cm1                                                
8313200410389655     mslmt001cm1                                                
8313200410390182     mslmt001cm1                                                
8313200410390398     mslmt001cm1                                                
8313200410390448     mslmt001cm1                                                
8313200410390455     mslmt001cm1                                                
8313200410390893     mslmt001cm1                                                
8313200410391305     mslmt001cm1                                                
8313200410391578     mslmt001cm1                                                
8313200410393434     mslmt001cm1                                                
8313200410393806     mslmt001cm1                                                
8313200410394861     mslmt001cm1                                                
8313200410396031     mslmt001cm1                                                
8313200410396338     mslmt001cm1                                                
8313200410396874     mslmt001cm1                                                
8313200410397997     mslmt001cm1                                                
8313200410398227     mslmt001cm1                                                
8313200410399118     mslmt001cm1                                                
8313200410399126     mslmt001cm1                                                
8313200410399183     mslmt001cm1                                                
8313200410400262     mslmt001cm1                                                
8313200410400262     mslmt001cm1                                                
8313200410400775     mslmt001cm1                                                
8313200410400791     mslmt001cm1                                                
8313200410401435     mslmt001cm1                                                
8313200410402763     mslmt001cm1                                                
8313200410402813     mslmt001cm1                                                
8313200410404355     mslmt001cm1                                                
8313200410404686     mslmt001cm1                                                
8313200410406194     mslmt001cm1                                                
8313200410406491     mslmt001cm1                                                
8313200410407903     mslmt001cm1                                                
8313200410412937     mslmt001cm1                                                
8313200410415021     mslmt001cm1                                                
8313200410415872     mslmt001cm1                                                
8313200410422902     mslmt001cm1                                                
8313200410423074     mslmt001cm1                                                
8313200410425053     mslmt001cm1                                                
8313200410426283     mslmt001cm1                                                
8313200410427687     mslmt001cm1                                                
8313200410427737     mslmt001cm1                                                
8313200410428768     mslmt001cm1                                                
8313200410429782     mslmt001cm1                                                
8313200420141922     mslmt001cm1                                                
8313200420143142     mslmt001cm1                                                
8313200420144207     mslmt001cm1                                                
8313200420146749     mslmt001cm1                                                
8313200420146871     mslmt001cm1                                                
8313200430090218     mslmt001cm1                                                
8313200440000603     mslmt001cm1                                                
8313200440090125     mslmt001cm1                                                
8313200450090817     mslmt001cm1                                                
8313200460003222     mslmt001cm1                                                
8313200460090385     mslmt001cm1                                                
8313200470002206     mslmt001cm1                                                
8313200470002768     mslmt001cm1                                                
8313200470090797     mslmt001cm1                                                
8313200490005122     mslmt001cm1                                                
8313200490100618     mslmt001cm1                                                
8313200490101681     mslmt001cm1                                                
8313200500090403     mslmt001cm1                                                
8313200510111645     hmtmt001cm1                                                
8313200510111983     hmtmt001cm1                                                
8313200510112098     hmtmt001cm1                                                
8313200510112700     hmtmt001cm1                                                
8313200510113666     hmtmt001cm1                                                
8313200510114300     hmtmt001cm1                                                
8313200530090704     hmtmt001cm1                                                
8313200590104312     mslmt001cm1                                                
8313200710052367     grfmt001cm1                                                
8313200710116212     grfmt001cm1                                                
8313200710119836     grfmt001cm1                                                
8313200710160822     grfmt001cm1                                                
8313200710182503     grfmt001cm1                                                
8313200710234031     grfmt001cm1                                                
8313200710259848     grfmt001cm1                                                
8313200710271355     grfmt001cm1                                                
8313200710394207     grfmt001cm1                                                
8313200710400848     grfmt001cm1                                                
8313200710418709     grfmt001cm1                                                
8313200710421083     grfmt001cm1                                                
8313200710421091     grfmt001cm1                                                
8313200710421364     grfmt001cm1                                                
8313200710421406     grfmt001cm1                                                
8313200710422099     grfmt001cm1                                                
8313200710422651     grfmt001cm1                                                
8313200710431421     grfmt001cm1                                                
8313200710431488     grfmt001cm1                                                
8313200710431520     grfmt001cm1                                                
8313200710431876     grfmt001cm1                                                
8313200710433070     grfmt001cm1                                                
8313200710433104     grfmt001cm1                                                
8313200710433112     grfmt001cm1                                                
8313200710433138     grfmt001cm1                                                
8313200710433146     grfmt001cm1                                                
8313200710433153     grfmt001cm1                                                
8313200710433179     grfmt001cm1                                                
8313200710433187     grfmt001cm1                                                
8313200710433609     grfmt001cm1                                                
8313200710433625     grfmt001cm1                                                
8313200710433799     grfmt001cm1                                                
8313200710436461     grfmt001cm1                                                
8313200710439481     grfmt001cm1                                                
8313200710440307     grfmt001cm1                                                
8313200710443772     grfmt001cm1                                                
8313200710446072     grfmt001cm1                                                
8313200710450025     grfmt001cm1                                                
8313200710459174     grfmt001cm1                                                
8313200710459281     grfmt001cm1                                                
8313200710459612     grfmt001cm1                                                
8313200710461022     grfmt001cm1                                                
8313200710462301     grfmt001cm1                                                
8313200710465650     grfmt001cm1                                                
8313200720013904     grfmt001cm1                                                
8313200720018143     grfmt001cm1                                                
8313200720025999     grfmt001cm1                                                
8313200720114702     grfmt001cm1                                                
8313200720116764     grfmt001cm1                                                
8313200730005742     grfmt001cm1                                                
8313200730090819     grfmt001cm1                                                
8313200730091106     grfmt001cm1                                                
8313200740090577     grfmt001cm1                                                
8313200750111537     ctbmt001cm1                                                
8313200750111628     ctbmt001cm1                                                
8313200750111891     ctbmt001cm1                                                
8313200750112071     ctbmt001cm1                                                
8313200750112246     ctbmt001cm1                                                
8313200750112253     ctbmt001cm1                                                
8313200910114736     plsmt001cm1                                                
8313200920100626     plsmt001cm1                                                
8313200920100816     plsmt001cm1                                                
8313200950090655     klsmt001cm1                                                
8313200960101278     klsmt001cm1                                                
8313200960101716     klsmt001cm1                                                
8313200970033008     klsmt001cm1                                                
8313200970214467     klsmt001cm1                                                
8313200970219268     klsmt001cm1                                                
8313200970219912     klsmt001cm1                                                
8313200970220852     klsmt001cm1                                                
8313200970221702     klsmt001cm1                                                
8313200970221702     klsmt001cm1                                                
8313200970221827     klsmt001cm1                                                
8313200970222015     klsmt001cm1                                                
8313200970222015     klsmt001cm1                                                
8313200970224185     klsmt001cm1                                                
8313200970224193     klsmt001cm1                                                
8313200970225935     klsmt001cm1                                                
8313200970226719     klsmt001cm1                                                
8313200970226875     klsmt001cm1                                                
8313200970227717     klsmt001cm1                                                
8313200970228434     klsmt001cm1                                                
8313200970229036     klsmt001cm1                                                
8313200980027867     klsmt001cm1                                                
8313200980180112     klsmt001cm1                                                
8313200980183454     klsmt001cm1                                                
8313200980184957     klsmt001cm1                                                
8313200980185632     klsmt001cm1                                                
8313200980187331     klsmt001cm1                                                
8313200980188255     klsmt001cm1                                                
8313200980191358     klsmt001cm1                                                
8313200990015175     klsmt001cm1                                                
8313200990102007     klsmt001cm1                                                
8313200990102734     klsmt001cm1                                                
8313200990102825     klsmt001cm1                                                
8313200990103096     klsmt001cm1                                                
8313200990103252     klsmt001cm1                                                
8313201000007061     klsmt001cm1                                                
8313201000017540     klsmt001cm1                                                
8313201000034370     klsmt001cm1                                                
8313201000034669     klsmt001cm1                                                
8313201000124437     klsmt001cm1                                                
8313201000124866     klsmt001cm1                                                
8313201000125947     klsmt001cm1                                                
8313201000126416     klsmt001cm1                                                
8313201000126424     klsmt001cm1                                                
8313201000128255     klsmt001cm1                                                
8313201000131069     klsmt001cm1                                                
8313201010101995     klsmt001cm1                                                
8313201110020434     havmt001cm1                                                
8313201110143848     havmt001cm1                                                
8313201110144820     havmt001cm1                                                
8313201110147245     havmt001cm1                                                
8313201110147534     havmt001cm1                                                
8313201110151122     havmt001cm1                                                
8313201110151197     havmt001cm1                                                
8313201120005839     havmt001cm1                                                
8313201120091029     havmt001cm1                                                
8313300010045622     stnco001cm1                                                
8313300010060969     stnco001cm1                                                
8313300010154754     stnco001cm1                                                
8313300010158862     stnco001cm1                                                
8313300030021660     ftmco001cm1                                                
8313300030022908     ftmco001cm1                                                
8313300030025612     ftmco001cm1                                                
8313300030031909     ftmco001cm1                                                
8313300030043334     ftmco001cm1                                                
8313300030045156     ftmco001cm1                                                
8313300030140601     ftmco001cm1                                                
8313300030142045     ftmco001cm1                                                
8313300030142342     ftmco001cm1                                                
8313300030142359     ftmco001cm1                                                
8313300030146079     ftmco001cm1                                                
8313300030146715     ftmco001cm1                                                
8313300040005273     ftmco001cm1                                                
8313300040111808     ftmco001cm1                                                
8313300040112376     ftmco001cm1                                                
8313300050001808     ftmco001cm1                                                
8313300060001822     ftmco001cm1                                                
8313300110055679     larwy001cm1                                                
8313300110060521     larwy001cm1                                                
8313300110063566     larwy001cm1                                                
8313300110100715     larwy001cm1                                                
8313300110124764     larwy001cm1                                                
8313300110147674     larwy001cm1                                                
8313300110256657     larwy001cm1                                                
8313300110256657     larwy001cm1                                                
8313300110263679     larwy001cm1                                                
8313300110275236     larwy001cm1                                                
8313300210047253     chywy001cm1                                                
8313300210053525     chywy001cm1                                                
8313300210069638     chywy001cm1                                                
8313300210086376     chywy001cm1                                                
8313300210099635     chywy001cm1                                                
8313300210119557     chywy001cm1                                                
8313300210127246     chywy001cm1                                                
8313300210139043     chywy001cm1                                                
8313300210146774     chywy001cm1                                                
8313300210173570     chywy001cm1                                                
8313300210184916     chywy001cm1                                                
8313300210202486     chywy001cm1                                                
8313300210228192     chywy001cm1                                                
8313300210230446     chywy001cm1                                                
8313300210262712     chywy001cm1                                                
8313300210311998     chywy001cm1                                                
8313300210414529     chywy001cm1                                                
8313300210415369     chywy001cm1                                                
8313300210416367     chywy001cm1                                                
8313300210427059     chywy001cm1                                                
8313300210429535     chywy001cm1                                                
8313300210430376     chywy001cm1                                                
8313300210432596     chywy001cm1                                                
8313300210432968     chywy001cm1                                                
8313300210437918     chywy001cm1                                                
8313300210440789     chywy001cm1                                                
8313300210441241     chywy001cm1                                                
8313300210442819     chywy001cm1                                                
8313300210442967     chywy001cm1                                                
8313300210443288     chywy001cm1                                                
8313300210447032     chywy001cm1                                                
8313300210447727     chywy001cm1                                                
8313300210456462     chywy001cm1                                                
8313300210469671     chywy001cm1                                                
8313300220005507     chywy001cm1                                                
8313300220005622     chywy001cm1                                                
8313300220006703     chywy001cm1                                                
8313300220011281     chywy001cm1                                                
8313300220013915     chywy001cm1                                                
8313300220015605     chywy001cm1                                                
8313300220017262     chywy001cm1                                                
8313300220018880     chywy001cm1                                                
8313300220041940     chywy001cm1                                                
8313300220044266     chywy001cm1                                                
8313300220082340     chywy001cm1                                                
8313300220174469     chywy001cm1                                                
8313300220176431     chywy001cm1                                                
8313300220177017     chywy001cm1                                                
8313300220177835     chywy001cm1                                                
8313300220178106     chywy001cm1                                                
8313300220179088     chywy001cm1                                                
8313300220180334     chywy001cm1                                                
8313300220180581     chywy001cm1                                                
8313300230006461     chywy001cm1                                                
8313300230012725     chywy001cm1                                                
8313300230111014     chywy001cm1                                                
8313300230111105     chywy001cm1                                                
8313300230117433     chywy001cm1                                                
8313300310004683     cspwy001cm1                                                
8313300310027312     cspwy001cm1                                                
8313300310048987     cspwy001cm1                                                
8313300310053292     cspwy001cm1                                                
8313300310111330     cspwy001cm1                                                
8313300310112346     cspwy001cm1                                                
8313300310133730     cspwy001cm1                                                
8313300310142061     cspwy001cm1                                                
8313300310149322     cspwy001cm1                                                
8313300310168561     cspwy001cm1                                                
8313300310193254     cspwy001cm1                                                
8313300310210843     cspwy001cm1                                                
8313300310230007     cspwy001cm1                                                
8313300310354484     cspwy001cm1                                                
8313300310359921     cspwy001cm1                                                
8313300310363121     cspwy001cm1                                                
8313300310366280     cspwy001cm1                                                
8313300310380042     cspwy001cm1                                                
8313300310403240     cspwy001cm1                                                
8313300320008419     cspwy001cm1                                                
8313300330100701     cspwy001cm1                                                
8313300340004612     cspwy001cm1                                                
8313300350090337     cspwy001cm1                                                
8313300360102643     cspwy001cm1                                                
8313300410007669     rvtwy001cm1                                                
8313300410030729     rvtwy001cm1                                                
8313300410040637     rvtwy001cm1                                                
8313300410053473     rvtwy001cm1                                                
8313300410141351     rvtwy001cm1                                                
8313300410144371     rvtwy001cm1                                                
8313300410145154     rvtwy001cm1                                                
8313300410146145     rvtwy001cm1                                                
8313300420090200     rvtwy001cm1                                                
8313300420090796     rvtwy001cm1                                                
8313300420092453     rvtwy001cm1                                                
8313300430011360     rvtwy001cm1                                                
8313300430127091     rvtwy001cm1                                                
8313300440090073     rvtwy001cm1                                                
8313300450111355     thrwy001cm1                                                
8313300480000636     wrlwy001cm1                                                
8313300480010098     wrlwy001cm1                                                
8313300480116135     wrlwy001cm1                                                
8313300510100687     grywy001cm1                                                
8313300540011961     codwy001cm1                                                
8313300540016572     codwy001cm1                                                
8313300560024191     powwy001cm1                                                
8313300560025800     powwy001cm1                                                
8313300560110826     powwy001cm1                                                
8313300560112004     powwy001cm1                                                
8313300560112491     powwy001cm1                                                
8313300610011453     jcswy001cm1                                                
8313300610015223     jcswy001cm1                                                
8313300610027608     jcswy001cm1                                                
8313300610033465     jcswy001cm1                                                
8313300610039124     jcswy001cm1                                                
8313300610052234     jcswy001cm1                                                
8313300610140930     jcswy001cm1                                                
8313300610144940     jcswy001cm1                                                
8313300610148487     jcswy001cm1                                                
8313300610157249     jcswy001cm1                                                
8313300610157314     jcswy001cm1                                                
8313300620004167     jcswy001cm1                                                
8313300620008416     jcswy001cm1                                                
8313300620013754     jcswy001cm1                                                
8313300620133784     jcswy001cm1                                                
8313300710035733     gltwy001cm1                                                
8313300710070607     gltwy001cm1                                                
8313300710201640     gltwy001cm1                                                
8313300710203034     gltwy001cm1                                                
8313300710203141     gltwy001cm1                                                
8313300710207670     gltwy001cm1                                                
8313300710208652     gltwy001cm1                                                
8313300710210245     gltwy001cm1                                                
8313300710211243     gltwy001cm1                                                
8313300710211466     gltwy001cm1                                                
8313300710211698     gltwy001cm1                                                
8313300720002939     gltwy001cm1                                                
8313300720112852     gltwy001cm1                                                
8313300720113900     gltwy001cm1                                                
8313300720114213     gltwy001cm1                                                
8313300760111798     bflwy001cm1                                                
8313300760112432     bflwy001cm1                                                
8313300760113448     bflwy001cm1                                                
8313300760115120     bflwy001cm1                                                
8313300810008564     shrwy001cm1                                                
8313300810018365     shrwy001cm1                                                
8313300810022441     shrwy001cm1                                                
8313300810024413     shrwy001cm1                                                
8313300810087147     shrwy001cm1                                                
8313300810088368     shrwy001cm1                                                
8313300810188267     shrwy001cm1                                                
8313300810188903     shrwy001cm1                                                
8313300810189034     shrwy001cm1                                                
8313300810189067     shrwy001cm1                                                
8313300810189711     shrwy001cm1                                                
8313300810189729     shrwy001cm1                                                
8313300810190669     shrwy001cm1                                                
8313300810190784     shrwy001cm1                                                
8313300810190792     shrwy001cm1                                                
8313300810193218     shrwy001cm1                                                
8313300810195015     shrwy001cm1                                                
8313300810195197     shrwy001cm1                                                
8313300810197060     shrwy001cm1                                                
8313300810197086     shrwy001cm1                                                
8313300810199082     shrwy001cm1                                                
8313300820000833     shrwy001cm1                                                
8313300820001286     shrwy001cm1                                                
8313300820100971     shrwy001cm1                                                
8313300820101813     shrwy001cm1                                                
8313300820102357     shrwy001cm1                                                
8313300820102464     shrwy001cm1                                                
ArcWaveHub01BLNMT    blnmt001cm1                                                
ArcWaveHub01BUTMT    butmt001cm1                                                
ArcWaveHub01BZMMT    bzmmt001cm1                                                
ArcWaveHub01CHYWY    chywy001cm1                                                
ArcWaveHub02BLNMT    blnmt001cm1                                                
ArcWaveHub02BZMMT    bzmmt001cm1                                                
Arris_christest      blnmt001cm1                                                
BLPSBI21A126         blnmt001cm1                                                
BLPSBI21A126         blnmt001cm1                                                
DurangoDialer1       durco001cm1                                                
DurangoDialer2       durco001cm1                                                
FieldTestBLNMT       blnmt001cm1                                                
FieldTestBLNMT       blnmt001cm1                                                
JeffTrapp            gdjco001cm1                                                
MissoulaNOCPhone01   rocmt001cm1                                                
NOCCanonCityPhon     rocmt001cm1                                                
NetAdminTestBLNMT    blnmt001cm1                                                
NetAdminTestBLNMT    blnmt001cm1                                                
NetAdminTestBLNMT    blnmt001cm1                                                
NetAdminTestBLNMT    blnmt001cm1                                                
NetAdminTestBLNMT    blnmt001cm1                                                
NetAdminTestBLNMT    blnmt001cm1                                                
NetAdminTestBLNMT    blnmt001cm1                                                
NetAdminTestBLNMT    blnmt001cm1                                                
NetAdminTestBLNMT    blnmt001cm1                                                
NetAdminTestBLNMT    blnmt001cm1                                                
NetAdminTestGRFMT    grfmt001cm1                                                
NetAdminTestMSLMT    mslmt001cm1                                                
NetAdminTestMSLMT    mslmt001cm1                                                
NetAdminTestMSLMT    mslmt001cm1                                                
NetAdminTestMSLMT    mslmt001cm1                                                
NetAdminTestRVTWY    rvtwy001cm1                                                
NocBillingsPhone     rocmt001cm1                                                
NocBillingsPhone     rocmt001cm1                                                
NocBillingsPhone     rocmt001cm1                                                
NocCasperPhone       rocmt001cm1                                                
NocCheyennePhone     rocmt001cm1                                                
NocGrandJunctionPhon rocmt001cm1                                                
NocGreatFallsPhone   rocmt001cm1                                                
NocHelenaPhone       rocmt001cm1                                                
TEMP                 chywy001cm1                                                
TEMP_EMP_ACCT        chywy001cm1                                                
atest                almco001cm1                                                
blgmt001hms159       blnmt001cm1                                                
blgmt001hms96        blnmt001cm1                                                
blgmt001hms98        blnmt001cm1                                                
castor1troy1         blnmt001cm1                                                
joebillsrt           blnmt001cm1                                                
motoEMTAtest         blnmt001cm1                                                
moto_test_mta        blnmt001cm1                                                
sigma_test1          almco001cm1                                                
test123mta           gdjco001cm1                                                
testbillings2        blnmt001cm1                                                
testcheyenne         chywy001cm1                                                
testcheyenne1        almco001cm1                                                
testforjoe           blnmt001cm1                                                
testmissoula         mslmt001cm1                                                

888 rows selected.

SQL> spool off
