ACCOUNT_NUMBER 8305
ADDRESS_1 11633
ADDRESS_2 79727
AFFECTED_SERVICES 73961
ASSIGNED_TEAM 3958
ASSIGNED_TEAM_ID 3958
ASSIGNED_TEAM_OLD 82085
ASSIGNED_TO 80406
ASSIGNMENT_LEVEL 4230
CABLE_MODEM_MAC 82085
CATEGORY 0
CITY 12634
CLOSED_DATE 13772
CMTS 12643
CONTACT_PHONE 12849
COUNTRY 82085
CREATE_DATE 0
CTI_TYPE 409
CUSTOMER_CITY 13294
CUSTOMER_FIRST_NAME 16690
CUSTOMER_LAST_NAME 13155
CUSTOMER_MIDDLE_NAME 82085
CUSTOMER_TYPE 73139
DATA_CUSTOMERS_IMPACTED 80423
DESCRIPTION 0
DETAILS 82085
DEVICE_NAME 80421
DURATION_SECS 0
DURATION_TEXT 82085
EMAIL 82085
FIRSTATTEMPT 81985
HEADEND 12634
INCIDENT_ID 0
ITEM 0
LAST_MODIFIED_BY 0
LINK_TYPE 77746
MARKET 12633
MODIFIED_DATE 0
MTA_MAC 82085
NODE_NAME 11722
OUTAGE_ID 81314
PARENT_ID 78517
PENDING_DATE 78435
PENDING_REASON 66562
PERMISSION_GROUP 0
PHONE_NUMBER_S_ 82085
PRIORITY 0
PRODUCT 82085
RELATED_CHANGE_ID 82085
RESOLUTION_CODE 12248
RESOLUTION_DATE 12645
RESOLUTION_DESCRIPTION 12252
RESOLUTION_NOTES 73250
SERVICE_AFFECTING 1
SERVICE_TYPE 82085
SEVERITY 75696
SOURCE 0
START_DATE 0
STATE 13243
STATUS 0
SUBMITTER 0
SYSTEM_SHORT_DESCRIPTION 0
SYSTEM_STATUS 0
TECHDISPATCHCONTACT 81989
TECHDISPATCHREPAIR 82022
TYPE 0
UNIQUEID 2092
VENDOR_INFO 82085
VIDEO_CUSTOMERS_IMPACTED 82083
VOICE_CUSTOMERS_IMPACTED 80423
WORK_LOG 82085
ZIP_CODE 13243
